0: licensed (0)
1: apache (1)
2: software (2)
3: foundation (3)
4: asf (4)
5: contributor (5)
6: license (6)
7: agreements (7)
8: notice (8)
9: file (9)
10: distributed (10)
11: work (11)
12: additional (12)
13: information (13)
14: copyright (14)
15: ownership (15)
16: asf (4)
17: licenses (16)
18: file (9)
19: apache (1)
20: license (6)
21: version (17)
22: license (6)
23: file (9)
24: compliance (18)
25: license (6)
26: obtain (19)
27: copy (20)
28: license (6)
29: http (21)
30: www (22)
31: apache (1)
32: org (23)
33: licenses (16)
34: license (6)
35: required (24)
36: applicable (25)
37: law (26)
38: agreed (27)
39: writing (28)
40: software (2)
41: distributed (10)
42: license (6)
43: distributed (10)
44: basis (29)
45: warranties (30)
46: conditions (31)
47: kind (32)
48: express (33)
49: implied (34)
50: license (6)
51: specific (35)
52: language (36)
53: governing (37)
54: permissions (38)
55: limitations (39)
56: license (6)
57: org (23)
58: apache (1)
59: hadoop (40)
60: mapred (41)
61: jobcontrol (42)
62: java (43)
63: util (44)
64: array (45)
65: list (46)
66: java (43)
67: util (44)
68: collection (47)
69: java (43)
70: util (44)
71: hashtable (48)
72: java (43)
73: util (44)
74: map (49)
75: encapsulates (50)
76: set (51)
77: map (49)
78: reduce (52)
79: jobs (53)
80: dependency (54)
81: tracks (55)
82: states (56)
83: jobs (53)
84: placing (57)
85: tables (58)
86: states (56)
87: client (59)
88: app (60)
89: add (61)
90: job (62)
91: group (63)
92: jobs (53)
93: group (63)
94: states (56)
95: job (62)
96: added (64)
97: unique (65)
98: group (63)
99: assigned (66)
100: job (62)
101: thread (67)
102: submits (68)
103: jobs (53)
104: ready (69)
105: monitors (70)
106: states (56)
107: running (71)
108: jobs (53)
109: updates (72)
110: states (56)
111: jobs (53)
112: based (73)
113: state (74)
114: depending (75)
115: jobs (53)
116: states (56)
117: suspending (76)
118: resuming (77)
119: thread (67)
120: stopping (78)
121: thread (67)
122: job (62)
123: control (79)
124: runnable (80)
125: thread (67)
126: state (74)
127: running (71)
128: suspended (81)
129: stopped (82)
130: stopping (78)
131: ready (69)
132: runner (83)
133: state (74)
134: thread (67)
135: state (74)
136: map (49)
137: job (62)
138: waiting (84)
139: jobs (53)
140: map (49)
141: job (62)
142: ready (69)
143: jobs (53)
144: map (49)
145: job (62)
146: running (71)
147: jobs (53)
148: map (49)
149: job (62)
150: successful (85)
151: jobs (53)
152: map (49)
153: job (62)
154: failed (86)
155: jobs (53)
156: job (62)
157: group (63)
158: construct (87)
159: job (62)
160: control (79)
161: group (63)
162: jobs (53)
163: param (88)
164: group (63)
165: identifying (89)
166: group (63)
167: job (62)
168: control (79)
169: group (63)
170: waiting (84)
171: jobs (53)
172: hashtable (48)
173: job (62)
174: ready (69)
175: jobs (53)
176: hashtable (48)
177: job (62)
178: running (71)
179: jobs (53)
180: hashtable (48)
181: job (62)
182: successful (85)
183: jobs (53)
184: hashtable (48)
185: job (62)
186: failed (86)
187: jobs (53)
188: hashtable (48)
189: job (62)
190: job (62)
191: group (63)
192: group (63)
193: runner (83)
194: state (74)
195: job (62)
196: control (79)
197: ready (69)
198: array (45)
199: list (46)
200: job (62)
201: array (45)
202: list (46)
203: map (49)
204: job (62)
205: jobs (53)
206: array (45)
207: list (46)
208: job (62)
209: retv (90)
210: array (45)
211: list (46)
212: job (62)
213: jobs (53)
214: job (62)
215: job (62)
216: jobs (53)
217: values (91)
218: retv (90)
219: add (61)
220: job (62)
221: retv (90)
222: jobs (53)
223: waiting (84)
224: state (74)
225: array (45)
226: list (46)
227: job (62)
228: waiting (84)
229: jobs (53)
230: job (62)
231: control (79)
232: array (45)
233: list (46)
234: waiting (84)
235: jobs (53)
236: jobs (53)
237: running (71)
238: state (74)
239: array (45)
240: list (46)
241: job (62)
242: running (71)
243: jobs (53)
244: job (62)
245: control (79)
246: array (45)
247: list (46)
248: running (71)
249: jobs (53)
250: jobs (53)
251: ready (69)
252: state (74)
253: array (45)
254: list (46)
255: job (62)
256: ready (69)
257: jobs (53)
258: job (62)
259: control (79)
260: array (45)
261: list (46)
262: ready (69)
263: jobs (53)
264: jobs (53)
265: success (92)
266: state (74)
267: array (45)
268: list (46)
269: job (62)
270: successful (85)
271: jobs (53)
272: job (62)
273: control (79)
274: array (45)
275: list (46)
276: successful (85)
277: jobs (53)
278: array (45)
279: list (46)
280: job (62)
281: failed (86)
282: jobs (53)
283: job (62)
284: control (79)
285: array (45)
286: list (46)
287: failed (86)
288: jobs (53)
289: job (62)
290: job (62)
291: group (63)
292: job (62)
293: add (61)
294: queue (93)
295: job (62)
296: job (62)
297: map (49)
298: job (62)
299: queue (93)
300: queue (93)
301: queue (93)
302: put (94)
303: job (62)
304: job (62)
305: job (62)
306: add (61)
307: queue (93)
308: job (62)
309: job (62)
310: map (49)
311: job (62)
312: queue (93)
313: queue (93)
314: job (62)
315: state (74)
316: add (61)
317: queue (93)
318: job (62)
319: queue (93)
320: map (49)
321: job (62)
322: queue (93)
323: state (74)
324: map (49)
325: job (62)
326: retv (90)
327: state (74)
328: job (62)
329: waiting (84)
330: retv (90)
331: waiting (84)
332: jobs (53)
333: state (74)
334: job (62)
335: ready (69)
336: retv (90)
337: ready (69)
338: jobs (53)
339: state (74)
340: job (62)
341: running (71)
342: retv (90)
343: running (71)
344: jobs (53)
345: state (74)
346: job (62)
347: success (92)
348: retv (90)
349: successful (85)
350: jobs (53)
351: state (74)
352: job (62)
353: failed (86)
354: state (74)
355: job (62)
356: dependent (95)
357: failed (86)
358: retv (90)
359: failed (86)
360: jobs (53)
361: retv (90)
362: add (61)
363: job (62)
364: param (88)
365: job (62)
366: job (62)
367: add (61)
368: job (62)
369: job (62)
370: job (62)
371: job (62)
372: job (62)
373: set (51)
374: job (62)
375: job (62)
376: set (51)
377: state (74)
378: job (62)
379: waiting (84)
380: add (61)
381: queue (93)
382: job (62)
383: add (61)
384: collection (47)
385: jobs (53)
386: param (88)
387: jobs (53)
388: add (61)
389: jobs (53)
390: collection (47)
391: job (62)
392: jobs (53)
393: job (62)
394: job (62)
395: jobs (53)
396: add (61)
397: job (62)
398: job (62)
399: thread (67)
400: state (74)
401: state (74)
402: runner (83)
403: state (74)
404: set (51)
405: thread (67)
406: state (74)
407: stopping (78)
408: thread (67)
409: stop (96)
410: wakes (97)
411: stop (96)
412: runner (83)
413: state (74)
414: job (62)
415: control (79)
416: stopping (78)
417: suspend (98)
418: running (71)
419: thread (67)
420: suspend (98)
421: runner (83)
422: state (74)
423: job (62)
424: control (79)
425: running (71)
426: runner (83)
427: state (74)
428: job (62)
429: control (79)
430: suspended (81)
431: resume (99)
432: suspended (81)
433: thread (67)
434: resume (99)
435: runner (83)
436: state (74)
437: job (62)
438: control (79)
439: suspended (81)
440: runner (83)
441: state (74)
442: job (62)
443: control (79)
444: running (71)
445: check (100)
446: running (71)
447: jobs (53)
448: map (49)
449: job (62)
450: jobs (53)
451: jobs (53)
452: running (71)
453: jobs (53)
454: running (71)
455: jobs (53)
456: hashtable (48)
457: job (62)
458: job (62)
459: job (62)
460: jobs (53)
461: values (91)
462: state (74)
463: job (62)
464: check (100)
465: state (74)
466: state (74)
467: job (62)
468: running (71)
469: system (101)
470: println (102)
471: state (74)
472: running (71)
473: job (62)
474: job (62)
475: job (62)
476: changed (103)
477: job (62)
478: state (74)
479: add (61)
480: queue (93)
481: job (62)
482: check (100)
483: waiting (84)
484: jobs (53)
485: map (49)
486: job (62)
487: jobs (53)
488: jobs (53)
489: waiting (84)
490: jobs (53)
491: waiting (84)
492: jobs (53)
493: hashtable (48)
494: job (62)
495: job (62)
496: job (62)
497: jobs (53)
498: values (91)
499: state (74)
500: job (62)
501: check (100)
502: state (74)
503: state (74)
504: job (62)
505: waiting (84)
506: system (101)
507: println (102)
508: state (74)
509: waiting (84)
510: job (62)
511: job (62)
512: job (62)
513: changed (103)
514: job (62)
515: state (74)
516: add (61)
517: queue (93)
518: job (62)
519: start (104)
520: ready (69)
521: jobs (53)
522: map (49)
523: job (62)
524: jobs (53)
525: jobs (53)
526: ready (69)
527: jobs (53)
528: ready (69)
529: jobs (53)
530: hashtable (48)
531: job (62)
532: job (62)
533: job (62)
534: jobs (53)
535: values (91)
536: system (101)
537: println (102)
538: job (62)
539: submit (105)
540: hadoop (40)
541: job (62)
542: job (62)
543: job (62)
544: submit (105)
545: system (101)
546: println (102)
547: hadoop (40)
548: job (62)
549: mapred (41)
550: job (62)
551: add (61)
552: queue (93)
553: job (62)
554: finished (106)
555: waiting (84)
556: jobs (53)
557: size (107)
558: ready (69)
559: jobs (53)
560: size (107)
561: running (71)
562: jobs (53)
563: size (107)
564: main (108)
565: loop (109)
566: thread (67)
567: loop (109)
568: check (100)
569: states (56)
570: running (71)
571: jobs (53)
572: update (110)
573: states (56)
574: waiting (84)
575: jobs (53)
576: submit (105)
577: jobs (53)
578: ready (69)
579: state (74)
580: run (111)
581: runner (83)
582: state (74)
583: job (62)
584: control (79)
585: running (71)
586: true (112)
587: runner (83)
588: state (74)
589: job (62)
590: control (79)
591: suspended (81)
592: thread (67)
593: sleep (113)
594: exception (114)
595: check (100)
596: running (71)
597: jobs (53)
598: check (100)
599: waiting (84)
600: jobs (53)
601: start (104)
602: ready (69)
603: jobs (53)
604: runner (83)
605: state (74)
606: job (62)
607: control (79)
608: running (71)
609: runner (83)
610: state (74)
611: job (62)
612: control (79)
613: suspended (81)
614: thread (67)
615: sleep (113)
616: exception (114)
617: runner (83)
618: state (74)
619: job (62)
620: control (79)
621: running (71)
622: runner (83)
623: state (74)
624: job (62)
625: control (79)
626: suspended (81)
627: runner (83)
628: state (74)
629: job (62)
630: control (79)
631: stopped (82)
